[    1005ms] [INFO] %cDownload the React DevTools for a better development experience: https://react.dev/link/react-devtools font-weight:bold @ http://localhost:3000/_next/static/chunks/0czc_next_dist_0zz.9i~._.js:2431
[    1062ms] [LOG] [HMR] connected @ http://localhost:3000/_next/static/chunks/0czc_next_dist_0zz.9i~._.js:2431
[    1170ms] [LOG] [Fast Refresh] rebuilding @ http://localhost:3000/_next/static/chunks/0czc_next_dist_0zz.9i~._.js:2431
[    1243ms] [LOG] [Fast Refresh] done in 174ms @ http://localhost:3000/_next/static/chunks/0czc_next_dist_0zz.9i~._.js:2431
[   21744ms] [ERROR] Failed to load resource: net::ERR_CONNECTION_RESET @ http://localhost:5001/api/auth/login:0
[  210074ms] [LOG] [Fast Refresh] rebuilding @ http://localhost:3000/_next/static/chunks/0czc_next_dist_0zz.9i~._.js:2431
[  210160ms] [LOG] [Fast Refresh] done in 189ms @ http://localhost:3000/_next/static/chunks/0czc_next_dist_0zz.9i~._.js:2431
[  227559ms] [ERROR] Failed to load resource: the server responded with a status of 404 (Not Found) @ http://localhost:3000/requests/cmnykx6r20009e38zi7vjkdu9?_rsc=1f413:0
[  227648ms] [ERROR] Failed to load resource: the server responded with a status of 404 (Not Found) @ http://localhost:3000/requests/cmnykx6r20009e38zi7vjkdu9:0
[  228026ms] [INFO] %cDownload the React DevTools for a better development experience: https://react.dev/link/react-devtools font-weight:bold @ http://localhost:3000/_next/static/chunks/0czc_next_dist_0zz.9i~._.js:2431
[  228057ms] [LOG] [HMR] connected @ http://localhost:3000/_next/static/chunks/0czc_next_dist_0zz.9i~._.js:2431
[  258445ms] [LOG] [Fast Refresh] rebuilding @ http://localhost:3000/_next/static/chunks/0czc_next_dist_0zz.9i~._.js:2431
[  258555ms] [LOG] [Fast Refresh] done in 162ms @ http://localhost:3000/_next/static/chunks/0czc_next_dist_0zz.9i~._.js:2431
[  258645ms] [ERROR] Failed to load resource: the server responded with a status of 404 (Not Found) @ http://localhost:3000/requests/cmnykx6r20009e38zi7vjkdu9?_rsc=1nkcf:0
[  258781ms] [ERROR] Failed to load resource: the server responded with a status of 404 (Not Found) @ http://localhost:3000/requests/cmnykx6r20009e38zi7vjkdu9?_rsc=1nkcf:0
[  258901ms] [ERROR] Failed to load resource: the server responded with a status of 404 (Not Found) @ http://localhost:3000/requests/cmnykx6r20009e38zi7vjkdu9?_rsc=1nkcf:0
[  259063ms] [ERROR] Failed to load resource: the server responded with a status of 404 (Not Found) @ http://localhost:3000/requests/cmnykx6r20009e38zi7vjkdu9:0
[  259509ms] [INFO] %cDownload the React DevTools for a better development experience: https://react.dev/link/react-devtools font-weight:bold @ http://localhost:3000/_next/static/chunks/0czc_next_dist_0zz.9i~._.js:2431
[  259674ms] [LOG] [HMR] connected @ http://localhost:3000/_next/static/chunks/0czc_next_dist_0zz.9i~._.js:2431
[  264860ms] [LOG] [Fast Refresh] rebuilding @ http://localhost:3000/_next/static/chunks/0czc_next_dist_0zz.9i~._.js:2431
[  264901ms] [LOG] [Fast Refresh] done in 144ms @ http://localhost:3000/_next/static/chunks/0czc_next_dist_0zz.9i~._.js:2431
[  264920ms] [ERROR] Failed to load resource: the server responded with a status of 500 (Internal Server Error) @ http://localhost:3000/requests:0
[  264943ms] [INFO] %cDownload the React DevTools for a better development experience: https://react.dev/link/react-devtools font-weight:bold @ http://localhost:3000/_next/static/chunks/0czc_next_dist_0zz.9i~._.js:2431
[  264983ms] [LOG] [HMR] connected @ http://localhost:3000/_next/static/chunks/0czc_next_dist_0zz.9i~._.js:2431
[  265096ms] ReferenceError: RequestStatus is not defined
    at module evaluation (http://localhost:3000/_next/static/chunks/apps_web_001cgb3._.js:64:6)
    at http://localhost:3000/_next/static/chunks/turbopack-apps_web_13l6ti0._.js:1307:27
    at runModuleExecutionHooks (http://localhost:3000/_next/static/chunks/turbopack-apps_web_13l6ti0._.js:1636:13)
    at instantiateModuleShared (http://localhost:3000/_next/static/chunks/turbopack-apps_web_13l6ti0._.js:1305:9)
    at instantiateModule (http://localhost:3000/_next/static/chunks/turbopack-apps_web_13l6ti0._.js:1621:12)
    at getOrInstantiateModuleFromParent (http://localhost:3000/_next/static/chunks/turbopack-apps_web_13l6ti0._.js:1604:12)
    at DevContext.esmImport [as i] (http://localhost:3000/_next/static/chunks/turbopack-apps_web_13l6ti0._.js:278:20)
    at module evaluation (http://localhost:3000/_next/static/chunks/apps_web_001cgb3._.js:449:174)
    at http://localhost:3000/_next/static/chunks/turbopack-apps_web_13l6ti0._.js:1307:27
    at runModuleExecutionHooks (http://localhost:3000/_next/static/chunks/turbopack-apps_web_13l6ti0._.js:1636:13)
    at instantiateModuleShared (http://localhost:3000/_next/static/chunks/turbopack-apps_web_13l6ti0._.js:1305:9)
    at instantiateModule (http://localhost:3000/_next/static/chunks/turbopack-apps_web_13l6ti0._.js:1621:12)
    at getOrInstantiateModuleFromParent (http://localhost:3000/_next/static/chunks/turbopack-apps_web_13l6ti0._.js:1604:12)
    at DevContext.commonJsRequire [as r] (http://localhost:3000/_next/static/chunks/turbopack-apps_web_13l6ti0._.js:299:12)
    at requireModule (http://localhost:3000/_next/static/chunks/0czc_next_dist_compiled_react-server-dom-turbopack_0_26vl9._.js:95:84)
    at initializeModuleChunk (http://localhost:3000/_next/static/chunks/0czc_next_dist_compiled_react-server-dom-turbopack_0_26vl9._.js:1110:25)
    at resolveModuleChunk (http://localhost:3000/_next/static/chunks/0czc_next_dist_compiled_react-server-dom-turbopack_0_26vl9._.js:1030:43)
    at http://localhost:3000/_next/static/chunks/0czc_next_dist_compiled_react-server-dom-turbopack_0_26vl9._.js:1758:24
[  276044ms] [LOG] [Fast Refresh] rebuilding @ http://localhost:3000/_next/static/chunks/0czc_next_dist_0zz.9i~._.js:2431
[  276045ms] [WARNING] [Fast Refresh] performing full reload

Fast Refresh will perform a full reload when you edit a file that's imported by modules outside of the React rendering tree.
You might have a file which exports a React component but also exports a value that is imported by a non-React component file.
Consider migrating the non-React component export to a separate file and importing it into both files.

It is also possible the parent component of the component you edited is a class component, which disables Fast Refresh.
Fast Refresh requires at least one parent function component in your React tree. @ http://localhost:3000/_next/static/chunks/0czc_next_dist_0zz.9i~._.js:2431
[  276045ms] [WARNING] [Fast Refresh] performing full reload because your application had an unrecoverable error @ http://localhost:3000/_next/static/chunks/0czc_next_dist_0zz.9i~._.js:2431
[  276105ms] [LOG] [Fast Refresh] done in 34ms @ http://localhost:3000/_next/static/chunks/0czc_next_dist_0zz.9i~._.js:2431
[  276574ms] [INFO] %cDownload the React DevTools for a better development experience: https://react.dev/link/react-devtools font-weight:bold @ http://localhost:3000/_next/static/chunks/0czc_next_dist_0zz.9i~._.js:2431
[  276788ms] [LOG] [HMR] connected @ http://localhost:3000/_next/static/chunks/0czc_next_dist_0zz.9i~._.js:2431
